{
    "res_none_h5ad": {
        "content": [
            [
                [
                    {
                        "id": "test"
                    },
                    "/nf-core/test-datasets/scdownstream/samples/SAMN14430799_custom_emptydrops_filter_matrix_5k.h5ad"
                ]
            ]
        ],
        "meta": {
            "nf-test": "0.9.0",
            "nextflow": "24.04.3"
        },
        "timestamp": "2024-08-07T08:57:08.637131659"
    },
    "res_scar_h5ad": {
        "content": [
            [
                [
                    {
                        "id": "test"
                    },
                    "test.h5ad:md5,222248cba2427bb2dc7f105d285b3536"
                ]
            ]
        ],
        "meta": {
            "nf-test": "0.9.0",
            "nextflow": "24.04.3"
        },
        "timestamp": "2024-08-07T09:11:33.310408535"
    },
    "res_soupx_h5ad": {
        "content": [
            [
                [
                    {
                        "id": "test"
                    },
                    "test.h5ad:md5,28a794b7b6bf10de5e62489038e0b0e0"
                ]
            ]
        ],
        "meta": {
            "nf-test": "0.9.0",
            "nextflow": "24.04.3"
        },
        "timestamp": "2024-08-07T09:12:03.949135183"
    },
    "res_cellbender_h5ad": {
        "content": [
            [
                [
                    {
                        "id": "test"
                    },
                    "test.h5ad:md5,77f05ed028b08e0e1f323d52602cdfed"
                ]
            ]
        ],
        "meta": {
            "nf-test": "0.9.0",
            "nextflow": "24.04.3"
        },
        "timestamp": "2024-08-07T09:08:32.92735963"
    },
    "res_decontx_h5ad": {
        "content": [
            [
                [
                    {
                        "id": "test"
                    },
                    "test.h5ad:md5,ae6bf7c41bcdf1ae3a113fb34a219168"
                ]
            ]
        ],
        "meta": {
            "nf-test": "0.9.0",
            "nextflow": "24.04.3"
        },
        "timestamp": "2024-08-07T09:08:57.869483755"
    },
    "res_scar_versions": {
        "content": [
            [
                "versions.yml:md5,9afa250f7c16c9ac819a6b7bd06da540"
            ]
        ],
        "meta": {
            "nf-test": "0.9.0",
            "nextflow": "24.04.3"
        },
        "timestamp": "2024-08-07T09:11:33.710888147"
    },
    "res_cellbender_versions": {
        "content": [
            [
                "versions.yml:md5,2c66ac05eee7711066b1ffc3228db36e",
                "versions.yml:md5,88b58b33730421b2cdcbe88a72b19953"
            ]
        ],
        "meta": {
            "nf-test": "0.9.0",
            "nextflow": "24.04.3"
        },
        "timestamp": "2024-08-07T09:08:32.948181068"
    },
    "res_none_versions": {
        "content": [
            [
                
            ]
        ],
        "meta": {
            "nf-test": "0.9.0",
            "nextflow": "24.04.3"
        },
        "timestamp": "2024-08-07T08:57:08.644321415"
    },
    "res_decontx_versions": {
        "content": [
            [
                "versions.yml:md5,70bf8966ad13fea31521ab54ec5608cb"
            ]
        ],
        "meta": {
            "nf-test": "0.9.0",
            "nextflow": "24.04.3"
        },
        "timestamp": "2024-08-07T09:08:57.926954453"
    },
    "res_soupx_versions": {
        "content": [
            [
                "versions.yml:md5,01dcc1e8fd9f08049ecf9db273284213"
            ]
        ],
        "meta": {
            "nf-test": "0.9.0",
            "nextflow": "24.04.3"
        },
        "timestamp": "2024-08-07T09:12:04.359697329"
    }
}