{
    "res_none_h5ad": {
        "content": [
            [
                [
                    {
                        "id": "test"
                    },
                    "SAMN14430799_custom_emptydrops_filter_matrix_5k.h5ad:md5,0e596860154b0f4529d68219a7f84dc8"
                ]
            ]
        ],
        "meta": {
            "nf-test": "0.9.0",
            "nextflow": "24.04.3"
        },
        "timestamp": "2024-08-05T20:26:56.259629648"
    },
    "res_scar_h5ad": {
        "content": [
            [
                [
                    {
                        "id": "test"
                    },
                    "test.h5ad:md5,7e41b26100e3a53ecdaa426111a4d43c"
                ]
            ]
        ],
        "meta": {
            "nf-test": "0.9.0",
            "nextflow": "24.04.3"
        },
        "timestamp": "2024-08-05T20:45:26.013569479"
    },
    "res_soupx_h5ad": {
        "content": [
            [
                [
                    {
                        "id": "test"
                    },
                    "test.h5ad:md5,9bd10d702d14d45319fe59f0f593d3a8"
                ]
            ]
        ],
        "meta": {
            "nf-test": "0.9.0",
            "nextflow": "24.04.3"
        },
        "timestamp": "2024-08-05T20:45:56.172721701"
    },
    "res_cellbender_h5ad": {
        "content": [
            [
                [
                    {
                        "id": "test"
                    },
                    "test.h5ad:md5,3b7dd429e4f45b698190f2f4df5ad149"
                ]
            ]
        ],
        "meta": {
            "nf-test": "0.9.0",
            "nextflow": "24.04.3"
        },
        "timestamp": "2024-08-05T20:42:19.496174211"
    },
    "res_decontx_h5ad": {
        "content": [
            [
                [
                    {
                        "id": "test"
                    },
                    "test.h5ad:md5,6eef4a7f422b1f7dd7b703c24eebadef"
                ]
            ]
        ],
        "meta": {
            "nf-test": "0.9.0",
            "nextflow": "24.04.3"
        },
        "timestamp": "2024-08-05T20:42:43.588562279"
    },
    "res_scar_versions": {
        "content": [
            [
                "versions.yml:md5,a3531f350fef8a4704007324ad9fd942"
            ]
        ],
        "meta": {
            "nf-test": "0.9.0",
            "nextflow": "24.04.3"
        },
        "timestamp": "2024-08-05T20:45:26.431095774"
    },
    "res_cellbender_versions": {
        "content": [
            [
                "versions.yml:md5,2c66ac05eee7711066b1ffc3228db36e",
                "versions.yml:md5,88b58b33730421b2cdcbe88a72b19953"
            ]
        ],
        "meta": {
            "nf-test": "0.9.0",
            "nextflow": "24.04.3"
        },
        "timestamp": "2024-08-05T20:42:19.531658466"
    },
    "res_none_versions": {
        "content": [
            [
                
            ]
        ],
        "meta": {
            "nf-test": "0.9.0",
            "nextflow": "24.04.3"
        },
        "timestamp": "2024-08-05T20:26:56.301054801"
    },
    "res_decontx_versions": {
        "content": [
            [
                "versions.yml:md5,70bf8966ad13fea31521ab54ec5608cb"
            ]
        ],
        "meta": {
            "nf-test": "0.9.0",
            "nextflow": "24.04.3"
        },
        "timestamp": "2024-08-05T20:42:43.657887411"
    },
    "res_soupx_versions": {
        "content": [
            [
                "versions.yml:md5,01dcc1e8fd9f08049ecf9db273284213"
            ]
        ],
        "meta": {
            "nf-test": "0.9.0",
            "nextflow": "24.04.3"
        },
        "timestamp": "2024-08-05T20:45:56.591887651"
    }
}