{
    "stub": {
        "content": [
            {
                "0": [
                    [
                        {
                            "id": "test"
                        },
                        "gene",
                        [
                            "results.zip:md5,76cdb2bad9582d23c1f6f4d868218d6c"
                        ]
                    ]
                ],
                "1": [
                    "versions.yml:md5,9eab385d76a79cf80f7ca26a25592525"
                ],
                "outdir": [
                    [
                        {
                            "id": "test"
                        },
                        "gene",
                        [
                            "results.zip:md5,76cdb2bad9582d23c1f6f4d868218d6c"
                        ]
                    ]
                ],
                "versions": [
                    "versions.yml:md5,9eab385d76a79cf80f7ca26a25592525"
                ]
            }
        ],
        "meta": {
            "nf-test": "0.8.4",
            "nextflow": "24.04.4"
        },
        "timestamp": "2024-10-22T13:42:22.619637"
    },
    "human paired end bam - CYP2D6 locus - GRCh37 - CYP2D6 pharmacogene": {
        "content": [
            "metadata.txt:md5,ea596a886920435c2a3c719b0ae85a8a",
            [
                "versions.yml:md5,9eab385d76a79cf80f7ca26a25592525"
            ]
        ],
        "meta": {
            "nf-test": "0.8.4",
            "nextflow": "24.04.4"
        },
        "timestamp": "2024-10-22T13:42:15.881551"
    }
}