{
    "sarscov2 transcriptome.fasta - stub": {
        "content": [
            {
                "0": [
                    [
                        {
                            "id": "transcriptome"
                        },
                        [
                            
                        ]
                    ]
                ],
                "1": [
                    "versions.yml:md5,e23afe0f9a5d0dc20b05c27fe59ad041"
                ],
                "index": [
                    [
                        {
                            "id": "transcriptome"
                        },
                        [
                            
                        ]
                    ]
                ],
                "versions": [
                    "versions.yml:md5,e23afe0f9a5d0dc20b05c27fe59ad041"
                ]
            }
        ],
        "meta": {
            "nf-test": "0.9.0",
            "nextflow": "24.04.4"
        },
        "timestamp": "2024-10-19T16:45:39.34200061"
    },
    "sarscov2 transcriptome.fasta": {
        "content": [
            {
                "0": [
                    [
                        {
                            "id": "transcriptome"
                        },
                        "kallisto:md5,161b711f2b979580829b4b0c7049af8f"
                    ]
                ],
                "1": [
                    "versions.yml:md5,e23afe0f9a5d0dc20b05c27fe59ad041"
                ],
                "index": [
                    [
                        {
                            "id": "transcriptome"
                        },
                        "kallisto:md5,161b711f2b979580829b4b0c7049af8f"
                    ]
                ],
                "versions": [
                    "versions.yml:md5,e23afe0f9a5d0dc20b05c27fe59ad041"
                ]
            }
        ],
        "meta": {
            "nf-test": "0.9.0",
            "nextflow": "24.04.4"
        },
        "timestamp": "2024-10-19T16:45:24.053472468"
    }
}