{
    "res_soupx_h5ad": {
        "content": [
            [
                [
                    {
                        "id": "test"
                    },
                    "test.h5ad:md5,9bd10d702d14d45319fe59f0f593d3a8"
                ]
            ]
        ],
        "meta": {
            "nf-test": "0.9.0",
            "nextflow": "24.04.3"
        },
        "timestamp": "2024-08-05T21:38:54.601732854"
    },
    "res_soupx_versions": {
        "content": [
            [
                "versions.yml:md5,a92fd46b40d24180ce48d56132e450ec"
            ]
        ],
        "meta": {
            "nf-test": "0.9.0",
            "nextflow": "24.04.3"
        },
        "timestamp": "2024-08-05T21:38:54.781114779"
    }
}