{
    "homo_sapiens - vcf": {
        "content": [
            [
                [
                    {
                        "id": "test"
                    },
                    "test.stats.csv:md5,8b35dd00bf7b5bd697a05d73fb8c0816"
                ]
            ],
            [
                "versions.yml:md5,dda929752e25faa5e5dc8e82228980fc"
            ]
        ],
        "meta": {
            "nf-test": "0.9.0",
            "nextflow": "24.04.4"
        },
        "timestamp": "2024-08-23T14:49:16.197933171"
    },
    "homo_sapiens - vcf - bam": {
        "content": [
            [
                [
                    {
                        "id": "test"
                    },
                    "test.stats.csv:md5,5e9aae3e92641f1934c10fe88f250e59"
                ]
            ],
            [
                "versions.yml:md5,dda929752e25faa5e5dc8e82228980fc"
            ]
        ],
        "meta": {
            "nf-test": "0.9.0",
            "nextflow": "24.04.4"
        },
        "timestamp": "2024-08-23T14:49:29.649365522"
    },
    "features_2": {
        "content": [
            "test.features.csv"
        ],
        "meta": {
            "nf-test": "0.9.0",
            "nextflow": "24.04.4"
        },
        "timestamp": "2024-08-23T14:49:29.656668722"
    },
    "homo_sapiens - vcf - stub": {
        "content": [
            {
                "0": [
                    [
                        {
                            "id": "test"
                        },
                        "test.features.csv:md5,d41d8cd98f00b204e9800998ecf8427e"
                    ]
                ],
                "1": [
                    [
                        {
                            "id": "test"
                        },
                        "test.metrics.json:md5,d41d8cd98f00b204e9800998ecf8427e"
                    ]
                ],
                "2": [
                    [
                        {
                            "id": "test"
                        },
                        "test.stats.csv:md5,d41d8cd98f00b204e9800998ecf8427e"
                    ]
                ],
                "3": [
                    "versions.yml:md5,dda929752e25faa5e5dc8e82228980fc"
                ],
                "features": [
                    [
                        {
                            "id": "test"
                        },
                        "test.features.csv:md5,d41d8cd98f00b204e9800998ecf8427e"
                    ]
                ],
                "metrics": [
                    [
                        {
                            "id": "test"
                        },
                        "test.metrics.json:md5,d41d8cd98f00b204e9800998ecf8427e"
                    ]
                ],
                "stats": [
                    [
                        {
                            "id": "test"
                        },
                        "test.stats.csv:md5,d41d8cd98f00b204e9800998ecf8427e"
                    ]
                ],
                "versions": [
                    "versions.yml:md5,dda929752e25faa5e5dc8e82228980fc"
                ]
            }
        ],
        "meta": {
            "nf-test": "0.9.0",
            "nextflow": "24.04.4"
        },
        "timestamp": "2024-08-23T14:39:09.160343644"
    },
    "features_1": {
        "content": [
            "test.features.csv"
        ],
        "meta": {
            "nf-test": "0.9.0",
            "nextflow": "24.04.4"
        },
        "timestamp": "2024-08-23T14:49:16.213833761"
    },
    "metrics_2": {
        "content": [
            "test.metrics.json"
        ],
        "meta": {
            "nf-test": "0.9.0",
            "nextflow": "24.04.4"
        },
        "timestamp": "2024-08-23T14:38:57.464582054"
    },
    "metrics_1": {
        "content": [
            "test.metrics.json"
        ],
        "meta": {
            "nf-test": "0.9.0",
            "nextflow": "24.04.4"
        },
        "timestamp": "2024-08-23T14:38:44.648298451"
    }
}