{
    "sarscov2 - [fastq1, fastq2], large_index, fasta, false, false - bam": {
        "content": [
            "test.bam",
            [
                [
                    {
                        "id": "test",
                        "single_end": false
                    },
                    "test.bowtie2.log:md5,bd89ce1b28c93bf822bae391ffcedd19"
                ]
            ],
            [
                
            ],
            [
                "versions.yml:md5,0034ff5d2b1c356b2208601e9647e055"
            ]
        ],
        "meta": {
            "nf-test": "0.9.1",
            "nextflow": "24.04.4"
        },
        "timestamp": "2024-10-28T12:48:20.606057273"
    },
    "sarscov2 - fastq, index, fasta, false, false - sam2": {
        "content": [
            [
                "ERR5069949.2151832\t16\tMT192765.1\t17453\t42\t150M\t*\t0\t0\tACGCACATTGCTAACTAAGGGCACACTAGAACCAGAATATTTCAATTCAGTGTGTAGACTTATGAAAACTATAGGTCCAGACATGTTCCTCGGAACTTGTCGGCGTTGTCCTGCTGAAATTGTTGACACTGTGAGTGCTTTGGTTTATGA\tAAAA<EEEEEEAEEEAEAAAAEEEEEEEEEAAAEE<EEEEEAAEEEEEEEEEEEEEEEEEEEEEEEEEEEEEEEEEEEEEEEEEEEEEEEEEEEEEAEEEEAAEEEEEEEEEEEEEEEEEEEEEEEEEEEEEEEEEEEEEEEEEAAAAAA\tAS:i:0\tXN:i:0\tXM:i:0\tXO:i:0\tXG:i:0\tNM:i:0\tMD:Z:150\tYT:Z:UU",
                "ERR5069949.576388\t16\tMT192765.1\t5798\t42\t77M\t*\t0\t0\tGCATAGACGGTGCTTTACTTACAAAGTCCTCAGAATACAAAGGTCCTATTACGGATGTTTTCTACAAAGAAAACAGT\tEA/AEEE/<EEEEEEEEEEEAA<EEEEEEEEEEEEEEEEEEEEEAEEEEEAEEEAEE6/EEEAEEEEEEEEEA6AAA\tAS:i:0\tXN:i:0\tXM:i:0\tXO:i:0\tXG:i:0\tNM:i:0\tMD:Z:77\tYT:Z:UU",
                "ERR5069949.501486\t16\tMT192765.1\t5423\t42\t146M\t*\t0\t0\tTAGGTGAGTTAGGTGATGTTAGAGAAACAATGAGTTACTTGTTTCAACATGCCAATTTAGATTCTTGCAAAAGAGTCTTGAACGTGGTGTGTAAAACTTGTGGACAACAGCAGACAACCCTTAAGGGTGTAGAAGCTGTTATGTAC\tEAAAAEAEEEE6E<AEEEEEEEE<EEEEEEAAEE/EEEEEE/<EEEEEEAEEEEEEEEEEEEEEEEEEEEEEEEEEEEEEEEEEEEEEEAEEEEEEEEEEAEEEEEEEEEEEEEEEEEEEEEEEEEEEEEEEEEEEEEEEEAAAAA\tAS:i:0\tXN:i:0\tXM:i:0\tXO:i:0\tXG:i:0\tNM:i:0\tMD:Z:146\tYT:Z:UU",
                "ERR5069949.1331889\t0\tMT192765.1\t13010\t42\t132M\t*\t0\t0\tGTCTACAAGCTGGTAATGCAACAGAAGTGCCTGCCAATTCAACTGTATTATCTTTCTGTGCTTTTGCTGTAGATGCTGCTAAAGCTTACAAAGATTATCTAGCTAGTGGGGGACAACCAATCACTAATTGTG\tA/AAAEEEEEEEEEEEEEEEEEEEAEEEEAEEEEEEEEEEEAEEEEEEEEEEEEEEE/EEEEE<AEAEEEEE/EAEAEEE/AEEEEEEEEEEEEEEEEEEEEAE/EEEEEEEEEEEEEEEEEEEEEEEA<EE\tAS:i:0\tXN:i:0\tXM:i:0\tXO:i:0\tXG:i:0\tNM:i:0\tMD:Z:132\tYT:Z:UU",
                "ERR5069949.2161340\t0\tMT192765.1\t17482\t42\t80M\t*\t0\t0\tAACCAGAATATTTCAATTCAGTGTGTAGACTTATGAAAACTATAGGTCCAGACATGTTCCTCGGAACTTGTCGGCGTTGT\tA/AA//EEAEA/E/AEEEE6EE/EEEA/6AEEEEEEEEE6EEEAEAEE//A/EEEEEE//E/E/A//E/E/<<EE</E/E\tAS:i:0\tXN:i:0\tXM:i:0\tXO:i:0\tXG:i:0\tNM:i:0\tMD:Z:80\tYT:Z:UU"
            ],
            [
                [
                    {
                        "id": "test",
                        "single_end": true
                    },
                    "test.bowtie2.log:md5,7b8a9e61b7646da1089b041333c41a87"
                ]
            ],
            [
                
            ],
            [
                "versions.yml:md5,0034ff5d2b1c356b2208601e9647e055"
            ]
        ],
        "meta": {
            "nf-test": "0.9.1",
            "nextflow": "24.04.4"
        },
        "timestamp": "2024-10-28T12:46:54.95627506"
    },
    "sarscov2 - [fastq1, fastq2], index, fasta, true, true - cram": {
        "content": [
            "test.cram",
            "test.cram.crai"
        ],
        "meta": {
            "nf-test": "0.8.4",
            "nextflow": "23.10.1"
        },
        "timestamp": "2024-03-19T08:46:08.033126014"
    },
    "sarscov2 - fastq, index, fasta, false, false - bam": {
        "content": [
            "test.bam",
            [
                [
                    {
                        "id": "test",
                        "single_end": true
                    },
                    "test.bowtie2.log:md5,7b8a9e61b7646da1089b041333c41a87"
                ]
            ],
            [
                
            ],
            [
                "versions.yml:md5,0034ff5d2b1c356b2208601e9647e055"
            ]
        ],
        "meta": {
            "nf-test": "0.9.1",
            "nextflow": "24.04.4"
        },
        "timestamp": "2024-10-28T12:46:23.771955104"
    },
    "sarscov2 - fastq, index, fasta, true, false - bam": {
        "content": [
            "test.bam",
            [
                [
                    {
                        "id": "test",
                        "single_end": true
                    },
                    "test.bowtie2.log:md5,7b8a9e61b7646da1089b041333c41a87"
                ]
            ],
            [
                
            ],
            [
                "versions.yml:md5,0034ff5d2b1c356b2208601e9647e055"
            ]
        ],
        "meta": {
            "nf-test": "0.9.1",
            "nextflow": "24.04.4"
        },
        "timestamp": "2024-10-28T12:48:59.016760556"
    },
    "sarscov2 - fastq, large_index, fasta, false, false - bam": {
        "content": [
            "test.bam",
            [
                [
                    {
                        "id": "test",
                        "single_end": true
                    },
                    "test.bowtie2.log:md5,7b8a9e61b7646da1089b041333c41a87"
                ]
            ],
            [
                
            ],
            [
                "versions.yml:md5,0034ff5d2b1c356b2208601e9647e055"
            ]
        ],
        "meta": {
            "nf-test": "0.9.1",
            "nextflow": "24.04.4"
        },
        "timestamp": "2024-10-28T12:48:03.15737256"
    },
    "sarscov2 - fastq, index, fasta, false, true - bam": {
        "content": [
            "test.bam",
            [
                [
                    {
                        "id": "test",
                        "single_end": true
                    },
                    "test.bowtie2.log:md5,7b8a9e61b7646da1089b041333c41a87"
                ]
            ],
            [
                
            ],
            [
                "versions.yml:md5,0034ff5d2b1c356b2208601e9647e055"
            ]
        ],
        "meta": {
            "nf-test": "0.9.1",
            "nextflow": "24.04.4"
        },
        "timestamp": "2024-10-28T12:47:13.41871986"
    },
    "sarscov2 - fastq, index, fasta, true, false - stub": {
        "content": [
            "test.bam",
            "test.csi",
            "test.bowtie2.log",
            [
                
            ],
            [
                "versions.yml:md5,0034ff5d2b1c356b2208601e9647e055"
            ]
        ],
        "meta": {
            "nf-test": "0.9.1",
            "nextflow": "24.04.4"
        },
        "timestamp": "2024-10-28T12:49:42.090798629"
    },
    "sarscov2 - [fastq1, fastq2], index, fasta, false, false - bam": {
        "content": [
            "test.bam",
            [
                [
                    {
                        "id": "test",
                        "single_end": false
                    },
                    "test.bowtie2.log:md5,bd89ce1b28c93bf822bae391ffcedd19"
                ]
            ],
            [
                
            ],
            [
                "versions.yml:md5,0034ff5d2b1c356b2208601e9647e055"
            ]
        ],
        "meta": {
            "nf-test": "0.9.1",
            "nextflow": "24.04.4"
        },
        "timestamp": "2024-10-28T12:47:26.78995535"
    },
    "sarscov2 - [fastq1, fastq2], index, fasta, false, false - stub": {
        "content": [
            "test.bam",
            "test.csi",
            "test.bowtie2.log",
            [
                
            ],
            [
                "versions.yml:md5,0034ff5d2b1c356b2208601e9647e055"
            ]
        ],
        "meta": {
            "nf-test": "0.9.1",
            "nextflow": "24.04.4"
        },
        "timestamp": "2024-10-28T12:49:28.417201351"
    },
    "sarscov2 - fastq, index, fasta, false, false - sam": {
        "content": [
            [
                "ERR5069949.2151832\t16\tMT192765.1\t17453\t42\t150M\t*\t0\t0\tACGCACATTGCTAACTAAGGGCACACTAGAACCAGAATATTTCAATTCAGTGTGTAGACTTATGAAAACTATAGGTCCAGACATGTTCCTCGGAACTTGTCGGCGTTGTCCTGCTGAAATTGTTGACACTGTGAGTGCTTTGGTTTATGA\tAAAA<EEEEEEAEEEAEAAAAEEEEEEEEEAAAEE<EEEEEAAEEEEEEEEEEEEEEEEEEEEEEEEEEEEEEEEEEEEEEEEEEEEEEEEEEEEEAEEEEAAEEEEEEEEEEEEEEEEEEEEEEEEEEEEEEEEEEEEEEEEEAAAAAA\tAS:i:0\tXN:i:0\tXM:i:0\tXO:i:0\tXG:i:0\tNM:i:0\tMD:Z:150\tYT:Z:UU",
                "ERR5069949.576388\t16\tMT192765.1\t5798\t42\t77M\t*\t0\t0\tGCATAGACGGTGCTTTACTTACAAAGTCCTCAGAATACAAAGGTCCTATTACGGATGTTTTCTACAAAGAAAACAGT\tEA/AEEE/<EEEEEEEEEEEAA<EEEEEEEEEEEEEEEEEEEEEAEEEEEAEEEAEE6/EEEAEEEEEEEEEA6AAA\tAS:i:0\tXN:i:0\tXM:i:0\tXO:i:0\tXG:i:0\tNM:i:0\tMD:Z:77\tYT:Z:UU",
                "ERR5069949.501486\t16\tMT192765.1\t5423\t42\t146M\t*\t0\t0\tTAGGTGAGTTAGGTGATGTTAGAGAAACAATGAGTTACTTGTTTCAACATGCCAATTTAGATTCTTGCAAAAGAGTCTTGAACGTGGTGTGTAAAACTTGTGGACAACAGCAGACAACCCTTAAGGGTGTAGAAGCTGTTATGTAC\tEAAAAEAEEEE6E<AEEEEEEEE<EEEEEEAAEE/EEEEEE/<EEEEEEAEEEEEEEEEEEEEEEEEEEEEEEEEEEEEEEEEEEEEEEAEEEEEEEEEEAEEEEEEEEEEEEEEEEEEEEEEEEEEEEEEEEEEEEEEEEAAAAA\tAS:i:0\tXN:i:0\tXM:i:0\tXO:i:0\tXG:i:0\tNM:i:0\tMD:Z:146\tYT:Z:UU",
                "ERR5069949.1331889\t0\tMT192765.1\t13010\t42\t132M\t*\t0\t0\tGTCTACAAGCTGGTAATGCAACAGAAGTGCCTGCCAATTCAACTGTATTATCTTTCTGTGCTTTTGCTGTAGATGCTGCTAAAGCTTACAAAGATTATCTAGCTAGTGGGGGACAACCAATCACTAATTGTG\tA/AAAEEEEEEEEEEEEEEEEEEEAEEEEAEEEEEEEEEEEAEEEEEEEEEEEEEEE/EEEEE<AEAEEEEE/EAEAEEE/AEEEEEEEEEEEEEEEEEEEEAE/EEEEEEEEEEEEEEEEEEEEEEEA<EE\tAS:i:0\tXN:i:0\tXM:i:0\tXO:i:0\tXG:i:0\tNM:i:0\tMD:Z:132\tYT:Z:UU",
                "ERR5069949.2161340\t0\tMT192765.1\t17482\t42\t80M\t*\t0\t0\tAACCAGAATATTTCAATTCAGTGTGTAGACTTATGAAAACTATAGGTCCAGACATGTTCCTCGGAACTTGTCGGCGTTGT\tA/AA//EEAEA/E/AEEEE6EE/EEEA/6AEEEEEEEEE6EEEAEAEE//A/EEEEEE//E/E/A//E/E/<<EE</E/E\tAS:i:0\tXN:i:0\tXM:i:0\tXO:i:0\tXG:i:0\tNM:i:0\tMD:Z:80\tYT:Z:UU"
            ],
            [
                [
                    {
                        "id": "test",
                        "single_end": true
                    },
                    "test.bowtie2.log:md5,7b8a9e61b7646da1089b041333c41a87"
                ]
            ],
            [
                
            ],
            [
                "versions.yml:md5,0034ff5d2b1c356b2208601e9647e055"
            ]
        ],
        "meta": {
            "nf-test": "0.9.1",
            "nextflow": "24.04.4"
        },
        "timestamp": "2024-10-28T12:46:42.346992336"
    },
    "sarscov2 - [fastq1, fastq2], index, fasta, true, false - bam": {
        "content": [
            "test.bam",
            [
                [
                    {
                        "id": "test",
                        "single_end": false
                    },
                    "test.bowtie2.log:md5,bd89ce1b28c93bf822bae391ffcedd19"
                ]
            ],
            [
                
            ],
            [
                "versions.yml:md5,0034ff5d2b1c356b2208601e9647e055"
            ]
        ],
        "meta": {
            "nf-test": "0.9.1",
            "nextflow": "24.04.4"
        },
        "timestamp": "2024-10-28T12:48:42.495832835"
    },
    "sarscov2 - [fastq1, fastq2], index, fasta, false, true - bam": {
        "content": [
            "test.bam",
            [
                [
                    {
                        "id": "test",
                        "single_end": false
                    },
                    "test.bowtie2.log:md5,bd89ce1b28c93bf822bae391ffcedd19"
                ]
            ],
            [
                
            ],
            [
                "versions.yml:md5,0034ff5d2b1c356b2208601e9647e055"
            ]
        ],
        "meta": {
            "nf-test": "0.9.1",
            "nextflow": "24.04.4"
        },
        "timestamp": "2024-10-28T12:47:48.370652703"
    }
}