{
    "homo_sapiens - illumina - vcf": {
        "content": [
            [
                [
                    {
                        "id": "test"
                    },
                    "test.summary.csv:md5,647acf226e2545624a8e71812a984ea7"
                ]
            ],
            [
                [
                    {
                        "id": "test"
                    },
                    "test.extended.csv:md5,4b53c835cd20fe0b14fcb4b2ef6b0f52"
                ]
            ],
            [
                [
                    {
                        "id": "test"
                    },
                    "test.runinfo.json:md5,7d9fd05504726e3bf13fd1b620b8d73e"
                ]
            ],
            [
                [
                    {
                        "id": "test"
                    },
                    "test.vcf.gz.tbi:md5,4692ae7ea6a148dff7b721a96cbda138"
                ]
            ],
            [
                "versions.yml:md5,4950956e15868125751a19333eae8743"
            ]
        ],
        "meta": {
            "nf-test": "0.9.0",
            "nextflow": "24.04.4"
        },
        "timestamp": "2024-08-19T13:29:28.036062112"
    },
    "homo_sapiens - illumina - vcf - stub": {
        "content": [
            {
                "0": [
                    [
                        {
                            "id": "test"
                        },
                        "test.summary.csv:md5,d41d8cd98f00b204e9800998ecf8427e"
                    ]
                ],
                "1": [
                    [
                        {
                            "id": "test"
                        },
                        "test.roc.all.csv.gz:md5,68b329da9893e34099c7d8ad5cb9c940"
                    ]
                ],
                "10": [
                    [
                        {
                            "id": "test"
                        },
                        "test.vcf.gz.tbi:md5,d41d8cd98f00b204e9800998ecf8427e"
                    ]
                ],
                "11": [
                    "versions.yml:md5,4950956e15868125751a19333eae8743"
                ],
                "2": [
                    [
                        {
                            "id": "test"
                        },
                        "test.roc.Locations.INDEL.csv.gz:md5,68b329da9893e34099c7d8ad5cb9c940"
                    ]
                ],
                "3": [
                    [
                        {
                            "id": "test"
                        },
                        "test.roc.Locations.INDEL.PASS.csv.gz:md5,68b329da9893e34099c7d8ad5cb9c940"
                    ]
                ],
                "4": [
                    [
                        {
                            "id": "test"
                        },
                        "test.roc.Locations.SNP.csv.gz:md5,68b329da9893e34099c7d8ad5cb9c940"
                    ]
                ],
                "5": [
                    [
                        {
                            "id": "test"
                        },
                        "test.roc.Locations.SNP.PASS.csv.gz:md5,68b329da9893e34099c7d8ad5cb9c940"
                    ]
                ],
                "6": [
                    [
                        {
                            "id": "test"
                        },
                        "test.extended.csv:md5,d41d8cd98f00b204e9800998ecf8427e"
                    ]
                ],
                "7": [
                    [
                        {
                            "id": "test"
                        },
                        "test.runinfo.json:md5,d41d8cd98f00b204e9800998ecf8427e"
                    ]
                ],
                "8": [
                    [
                        {
                            "id": "test"
                        },
                        "test.metrics.json.gz:md5,68b329da9893e34099c7d8ad5cb9c940"
                    ]
                ],
                "9": [
                    [
                        {
                            "id": "test"
                        },
                        "test.vcf.gz:md5,68b329da9893e34099c7d8ad5cb9c940"
                    ]
                ],
                "extended_csv": [
                    [
                        {
                            "id": "test"
                        },
                        "test.extended.csv:md5,d41d8cd98f00b204e9800998ecf8427e"
                    ]
                ],
                "metrics_json": [
                    [
                        {
                            "id": "test"
                        },
                        "test.metrics.json.gz:md5,68b329da9893e34099c7d8ad5cb9c940"
                    ]
                ],
                "roc_all_csv": [
                    [
                        {
                            "id": "test"
                        },
                        "test.roc.all.csv.gz:md5,68b329da9893e34099c7d8ad5cb9c940"
                    ]
                ],
                "roc_indel_locations_csv": [
                    [
                        {
                            "id": "test"
                        },
                        "test.roc.Locations.INDEL.csv.gz:md5,68b329da9893e34099c7d8ad5cb9c940"
                    ]
                ],
                "roc_indel_locations_pass_csv": [
                    [
                        {
                            "id": "test"
                        },
                        "test.roc.Locations.INDEL.PASS.csv.gz:md5,68b329da9893e34099c7d8ad5cb9c940"
                    ]
                ],
                "roc_snp_locations_csv": [
                    [
                        {
                            "id": "test"
                        },
                        "test.roc.Locations.SNP.csv.gz:md5,68b329da9893e34099c7d8ad5cb9c940"
                    ]
                ],
                "roc_snp_locations_pass_csv": [
                    [
                        {
                            "id": "test"
                        },
                        "test.roc.Locations.SNP.PASS.csv.gz:md5,68b329da9893e34099c7d8ad5cb9c940"
                    ]
                ],
                "runinfo": [
                    [
                        {
                            "id": "test"
                        },
                        "test.runinfo.json:md5,d41d8cd98f00b204e9800998ecf8427e"
                    ]
                ],
                "summary_csv": [
                    [
                        {
                            "id": "test"
                        },
                        "test.summary.csv:md5,d41d8cd98f00b204e9800998ecf8427e"
                    ]
                ],
                "tbi": [
                    [
                        {
                            "id": "test"
                        },
                        "test.vcf.gz.tbi:md5,d41d8cd98f00b204e9800998ecf8427e"
                    ]
                ],
                "vcf": [
                    [
                        {
                            "id": "test"
                        },
                        "test.vcf.gz:md5,68b329da9893e34099c7d8ad5cb9c940"
                    ]
                ],
                "versions": [
                    "versions.yml:md5,4950956e15868125751a19333eae8743"
                ]
            }
        ],
        "meta": {
            "nf-test": "0.9.0",
            "nextflow": "24.04.4"
        },
        "timestamp": "2024-08-19T13:23:08.786848304"
    }
}