{
    "sarscov2 - single_end": {
        "content": [
            [
                "be986ae750c67235bbc9a00f4be56c91"
            ],
            [
                [
                    {
                        "id": "test",
                        "single_end": true
                    },
                    "test.unmapped.fastq.gz:md5,35781b223820288b9fd89a0f716744a1"
                ]
            ],
            [
                [
                    {
                        "id": "test",
                        "single_end": true
                    },
                    "test.out:md5,4b9140ceadb8a18ae9330885370f8a0b"
                ]
            ]
        ],
        "meta": {
            "nf-test": "0.9.0",
            "nextflow": "24.04.4"
        },
        "timestamp": "2024-09-27T10:42:45.432518"
    },
    "versions": {
        "content": [
            {
                "BOWTIE_ALIGN": {
                    "bowtie": "1.3.0",
                    "samtools": "1.16.1"
                }
            }
        ],
        "meta": {
            "nf-test": "0.9.0",
            "nextflow": "24.04.4"
        },
        "timestamp": "2024-09-27T10:42:58.892298"
    },
    "versions paired_end": {
        "content": [
            {
                "BOWTIE_ALIGN": {
                    "bowtie": "1.3.0",
                    "samtools": "1.16.1"
                }
            }
        ],
        "meta": {
            "nf-test": "0.9.0",
            "nextflow": "24.04.4"
        },
        "timestamp": "2024-09-27T10:45:40.206629"
    },
    "sarscov2 - paired_end": {
        "content": [
            [
                [
                    "ATGTGTACATTGGCGACCCTGCTCAATTACCTGCACCACGCACATTGCTAACTAAGGGCACACTAGAACCAGAATATTTCAATTCAGTGTGTAGACTTATGAAAACTATAGGTCCAGACATGTTCCTCGGAACTTGTCGGCGTTGTCCTG",
                    "ACGCACATTGCTAACTAAGGGCACACTAGAACCAGAATATTTCAATTCAGTGTGTAGACTTATGAAAACTATAGGTCCAGACATGTTCCTCGGAACTTGTCGGCGTTGTCCTGCTGAAATTGTTGACACTGTGAGTGCTTTGGTTTATGA"
                ]
            ],
            [
                [
                    {
                        "id": "test",
                        "single_end": false
                    },
                    "test.out:md5,5e13272d112cef8faeedcdbd7c602de0"
                ]
            ]
        ],
        "meta": {
            "nf-test": "0.9.0",
            "nextflow": "24.04.4"
        },
        "timestamp": "2024-09-27T10:43:22.923546"
    }
}