{
    "sarscov2 - fasta - stub": {
        "content": [
            "test.dict",
            [
                "versions.yml:md5,fdb110d8c303ffa0615bb200f9a2c999"
            ]
        ],
        "meta": {
            "nf-test": "0.9.0",
            "nextflow": "24.04.4"
        },
        "timestamp": "2024-08-16T14:26:10.223708977"
    },
    "sarscov2 - fasta": {
        "content": [
            "test.dict",
            [
                "versions.yml:md5,fdb110d8c303ffa0615bb200f9a2c999"
            ]
        ],
        "meta": {
            "nf-test": "0.9.0",
            "nextflow": "24.04.4"
        },
        "timestamp": "2024-08-16T14:31:34.330709472"
    }
}