{
    "res_decontx_h5ad": {
        "content": [
            [
                [
                    {
                        "id": "test"
                    },
                    "test.h5ad:md5,6eef4a7f422b1f7dd7b703c24eebadef"
                ]
            ]
        ],
        "meta": {
            "nf-test": "0.9.0",
            "nextflow": "24.04.3"
        },
        "timestamp": "2024-08-05T21:29:44.531765098"
    },
    "res_decontx_versions": {
        "content": [
            [
                "versions.yml:md5,b5b18fe8dea1a76411050abb82da7150"
            ]
        ],
        "meta": {
            "nf-test": "0.9.0",
            "nextflow": "24.04.3"
        },
        "timestamp": "2024-08-05T21:29:44.572744236"
    }
}