{
    "human - cram - stub": {
        "content": [
            {
                "0": [
                    
                ],
                "1": [
                    
                ],
                "2": [
                    
                ],
                "3": [
                    
                ],
                "4": [
                    
                ],
                "output_all": [
                    
                ],
                "output_dis": [
                    
                ],
                "output_report": [
                    
                ],
                "output_unstable": [
                    
                ],
                "versions": [
                    
                ]
            }
        ],
        "meta": {
            "nf-test": "0.9.0",
            "nextflow": "24.04.4"
        },
        "timestamp": "2024-09-02T11:32:08.214756"
    },
    "human - cram": {
        "content": [
            {
                "0": [
                    
                ],
                "1": [
                    
                ],
                "2": [
                    
                ],
                "3": [
                    
                ],
                "4": [
                    
                ],
                "output_all": [
                    
                ],
                "output_dis": [
                    
                ],
                "output_report": [
                    
                ],
                "output_unstable": [
                    
                ],
                "versions": [
                    
                ]
            }
        ],
        "meta": {
            "nf-test": "0.9.0",
            "nextflow": "24.04.4"
        },
        "timestamp": "2024-09-02T11:31:59.733765"
    }
}