{
    "test_limma_differential - stub": {
        "content": [
            {
                "0": [
                    [
                        {
                            "id": "test",
                            "variable": "treatment",
                            "reference": "hND6",
                            "target": "mCherry"
                        },
                        "test.limma.results.tsv:md5,d41d8cd98f00b204e9800998ecf8427e"
                    ]
                ],
                "1": [
                    [
                        {
                            "id": "test",
                            "variable": "treatment",
                            "reference": "hND6",
                            "target": "mCherry"
                        },
                        "test.limma.mean_difference.png:md5,d41d8cd98f00b204e9800998ecf8427e"
                    ]
                ],
                "2": [
                    [
                        {
                            "id": "test",
                            "variable": "treatment",
                            "reference": "hND6",
                            "target": "mCherry"
                        },
                        "test.MArrayLM.limma.rds:md5,d41d8cd98f00b204e9800998ecf8427e"
                    ]
                ],
                "3": [
                    [
                        {
                            "id": "test",
                            "variable": "treatment",
                            "reference": "hND6",
                            "target": "mCherry"
                        },
                        "test.normalised_counts.tsv:md5,d41d8cd98f00b204e9800998ecf8427e"
                    ]
                ],
                "4": [
                    [
                        {
                            "id": "test",
                            "variable": "treatment",
                            "reference": "hND6",
                            "target": "mCherry"
                        },
                        "test.limma.model.txt:md5,d41d8cd98f00b204e9800998ecf8427e"
                    ]
                ],
                "5": [
                    [
                        {
                            "id": "test",
                            "variable": "treatment",
                            "reference": "hND6",
                            "target": "mCherry"
                        },
                        "test.R_sessionInfo.log:md5,d41d8cd98f00b204e9800998ecf8427e"
                    ]
                ],
                "6": [
                    "versions.yml:md5,c90309ffa2653f7204690ea14064d2e9"
                ],
                "md_plot": [
                    [
                        {
                            "id": "test",
                            "variable": "treatment",
                            "reference": "hND6",
                            "target": "mCherry"
                        },
                        "test.limma.mean_difference.png:md5,d41d8cd98f00b204e9800998ecf8427e"
                    ]
                ],
                "model": [
                    [
                        {
                            "id": "test",
                            "variable": "treatment",
                            "reference": "hND6",
                            "target": "mCherry"
                        },
                        "test.limma.model.txt:md5,d41d8cd98f00b204e9800998ecf8427e"
                    ]
                ],
                "normalised_counts": [
                    [
                        {
                            "id": "test",
                            "variable": "treatment",
                            "reference": "hND6",
                            "target": "mCherry"
                        },
                        "test.normalised_counts.tsv:md5,d41d8cd98f00b204e9800998ecf8427e"
                    ]
                ],
                "rdata": [
                    [
                        {
                            "id": "test",
                            "variable": "treatment",
                            "reference": "hND6",
                            "target": "mCherry"
                        },
                        "test.MArrayLM.limma.rds:md5,d41d8cd98f00b204e9800998ecf8427e"
                    ]
                ],
                "results": [
                    [
                        {
                            "id": "test",
                            "variable": "treatment",
                            "reference": "hND6",
                            "target": "mCherry"
                        },
                        "test.limma.results.tsv:md5,d41d8cd98f00b204e9800998ecf8427e"
                    ]
                ],
                "session_info": [
                    [
                        {
                            "id": "test",
                            "variable": "treatment",
                            "reference": "hND6",
                            "target": "mCherry"
                        },
                        "test.R_sessionInfo.log:md5,d41d8cd98f00b204e9800998ecf8427e"
                    ]
                ],
                "versions": [
                    "versions.yml:md5,c90309ffa2653f7204690ea14064d2e9"
                ]
            }
        ],
        "meta": {
            "nf-test": "0.9.0",
            "nextflow": "24.04.4"
        },
        "timestamp": "2024-10-14T23:12:18.543218"
    },
    "test_limma_differential": {
        "content": [
            {
                "0": [
                    [
                        {
                            "id": "test",
                            "variable": "treatment",
                            "reference": "hND6",
                            "target": "mCherry"
                        },
                        "test.limma.results.tsv:md5,5ac6b133d00f25a8623dec9f38af98e4"
                    ]
                ],
                "1": [
                    [
                        {
                            "id": "test",
                            "variable": "treatment",
                            "reference": "hND6",
                            "target": "mCherry"
                        },
                        "test.limma.mean_difference.png:md5,5dd9b0185b917dd6f9e0506d71705421"
                    ]
                ],
                "2": [
                    [
                        {
                            "id": "test",
                            "variable": "treatment",
                            "reference": "hND6",
                            "target": "mCherry"
                        },
                        "test.MArrayLM.limma.rds:md5,23543e8796931ec2fce8600c4f5a4606"
                    ]
                ],
                "3": [
                    [
                        {
                            "id": "test",
                            "variable": "treatment",
                            "reference": "hND6",
                            "target": "mCherry"
                        },
                        "test.normalised_counts.tsv:md5,a9c81ca72e246e78505e4bf4ca1d1df4"
                    ]
                ],
                "4": [
                    [
                        {
                            "id": "test",
                            "variable": "treatment",
                            "reference": "hND6",
                            "target": "mCherry"
                        },
                        "test.limma.model.txt:md5,37fb2d77cd222b9cddaa38e8e6dddaf8"
                    ]
                ],
                "5": [
                    [
                        {
                            "id": "test",
                            "variable": "treatment",
                            "reference": "hND6",
                            "target": "mCherry"
                        },
                        "test.R_sessionInfo.log:md5,e51f5a47c37d58cf4e8a0c6766759736"
                    ]
                ],
                "6": [
                    "versions.yml:md5,c90309ffa2653f7204690ea14064d2e9"
                ],
                "md_plot": [
                    [
                        {
                            "id": "test",
                            "variable": "treatment",
                            "reference": "hND6",
                            "target": "mCherry"
                        },
                        "test.limma.mean_difference.png:md5,5dd9b0185b917dd6f9e0506d71705421"
                    ]
                ],
                "model": [
                    [
                        {
                            "id": "test",
                            "variable": "treatment",
                            "reference": "hND6",
                            "target": "mCherry"
                        },
                        "test.limma.model.txt:md5,37fb2d77cd222b9cddaa38e8e6dddaf8"
                    ]
                ],
                "normalised_counts": [
                    [
                        {
                            "id": "test",
                            "variable": "treatment",
                            "reference": "hND6",
                            "target": "mCherry"
                        },
                        "test.normalised_counts.tsv:md5,a9c81ca72e246e78505e4bf4ca1d1df4"
                    ]
                ],
                "rdata": [
                    [
                        {
                            "id": "test",
                            "variable": "treatment",
                            "reference": "hND6",
                            "target": "mCherry"
                        },
                        "test.MArrayLM.limma.rds:md5,23543e8796931ec2fce8600c4f5a4606"
                    ]
                ],
                "results": [
                    [
                        {
                            "id": "test",
                            "variable": "treatment",
                            "reference": "hND6",
                            "target": "mCherry"
                        },
                        "test.limma.results.tsv:md5,5ac6b133d00f25a8623dec9f38af98e4"
                    ]
                ],
                "session_info": [
                    [
                        {
                            "id": "test",
                            "variable": "treatment",
                            "reference": "hND6",
                            "target": "mCherry"
                        },
                        "test.R_sessionInfo.log:md5,e51f5a47c37d58cf4e8a0c6766759736"
                    ]
                ],
                "versions": [
                    "versions.yml:md5,c90309ffa2653f7204690ea14064d2e9"
                ]
            }
        ],
        "meta": {
            "nf-test": "0.9.0",
            "nextflow": "24.04.4"
        },
        "timestamp": "2024-10-14T23:12:08.333183"
    }
}