{
    "Should run with panel input": {
        "content": [
            "test.log",
            [
                "versions.yml:md5,199f2e02b570926d6a249055c917c6b1"
            ]
        ],
        "meta": {
            "nf-test": "0.9.0",
            "nextflow": "24.04.4"
        },
        "timestamp": "2024-10-22T13:02:25.962766167"
    },
    "Should run with SVD input": {
        "content": [
            "test.log",
            "result.Ancestry",
            "result.selfSM",
            [
                "versions.yml:md5,199f2e02b570926d6a249055c917c6b1"
            ]
        ],
        "meta": {
            "nf-test": "0.9.0",
            "nextflow": "24.04.4"
        },
        "timestamp": "2024-10-22T13:01:46.137012519"
    },
    "Should run with RefVCF input": {
        "content": [
            "test.log",
            "test.genome.vcf.bed",
            "test.genome.vcf.mu",
            [
                "versions.yml:md5,199f2e02b570926d6a249055c917c6b1"
            ]
        ],
        "meta": {
            "nf-test": "0.9.0",
            "nextflow": "24.04.4"
        },
        "timestamp": "2024-10-22T12:52:22.110967848"
    }
}