{
    "with_umi - stub": {
        "content": [
            {
                "0": [
                    [
                        {
                            "id": "test",
                            "single_end": false
                        },
                        "test_grouped.log:md5,d41d8cd98f00b204e9800998ecf8427e"
                    ]
                ],
                "1": [
                    [
                        {
                            "id": "test",
                            "single_end": false
                        },
                        "test_grouped.bam:md5,d41d8cd98f00b204e9800998ecf8427e"
                    ]
                ],
                "2": [
                    [
                        {
                            "id": "test",
                            "single_end": false
                        },
                        "test_grouped.tsv:md5,d41d8cd98f00b204e9800998ecf8427e"
                    ]
                ],
                "3": [
                    "versions.yml:md5,1f4cec69f12f1759748ed167701b321c"
                ],
                "bam": [
                    [
                        {
                            "id": "test",
                            "single_end": false
                        },
                        "test_grouped.bam:md5,d41d8cd98f00b204e9800998ecf8427e"
                    ]
                ],
                "log": [
                    [
                        {
                            "id": "test",
                            "single_end": false
                        },
                        "test_grouped.log:md5,d41d8cd98f00b204e9800998ecf8427e"
                    ]
                ],
                "tsv": [
                    [
                        {
                            "id": "test",
                            "single_end": false
                        },
                        "test_grouped.tsv:md5,d41d8cd98f00b204e9800998ecf8427e"
                    ]
                ],
                "versions": [
                    "versions.yml:md5,1f4cec69f12f1759748ed167701b321c"
                ]
            }
        ],
        "meta": {
            "nf-test": "0.9.0",
            "nextflow": "24.04.4"
        },
        "timestamp": "2024-09-16T19:52:11.292296043"
    },
    "with_umi - tsv": {
        "content": [
            [
                [
                    {
                        "id": "test",
                        "single_end": false
                    },
                    "test_grouped.tsv:md5,d652eb6570057e9e709e8cac5f43d00c"
                ]
            ],
            [
                "# UMI-tools version: 1.1.5",
                "# output generated by group -I test.bam --output-bam -S test_grouped.bam -L test_grouped.log --group-out test_grouped.tsv --paired --random-seed=100"
            ],
            [
                "versions.yml:md5,1f4cec69f12f1759748ed167701b321c"
            ]
        ],
        "meta": {
            "nf-test": "0.9.0",
            "nextflow": "24.04.4"
        },
        "timestamp": "2024-09-16T20:01:27.19796961"
    },
    "with_umi": {
        "content": [
            {
                "0": [
                    [
                        {
                            "id": "test",
                            "single_end": false
                        },
                        "test_grouped.log:md5,1758ea02d8ed0fcc81dd379456f180b2"
                    ]
                ],
                "1": [
                    [
                        {
                            "id": "test",
                            "single_end": false
                        },
                        "test_grouped.bam:md5,f576b264fd3e8457f5e3716b09fcca58"
                    ]
                ],
                "2": [
                    [
                        {
                            "id": "test",
                            "single_end": false
                        },
                        "test_grouped.tsv:md5,d652eb6570057e9e709e8cac5f43d00c"
                    ]
                ],
                "3": [
                    "versions.yml:md5,1f4cec69f12f1759748ed167701b321c"
                ],
                "bam": [
                    [
                        {
                            "id": "test",
                            "single_end": false
                        },
                        "test_grouped.bam:md5,f576b264fd3e8457f5e3716b09fcca58"
                    ]
                ],
                "log": [
                    [
                        {
                            "id": "test",
                            "single_end": false
                        },
                        "test_grouped.log:md5,1758ea02d8ed0fcc81dd379456f180b2"
                    ]
                ],
                "tsv": [
                    [
                        {
                            "id": "test",
                            "single_end": false
                        },
                        "test_grouped.tsv:md5,d652eb6570057e9e709e8cac5f43d00c"
                    ]
                ],
                "versions": [
                    "versions.yml:md5,1f4cec69f12f1759748ed167701b321c"
                ]
            }
        ],
        "meta": {
            "nf-test": "0.9.0",
            "nextflow": "24.04.4"
        },
        "timestamp": "2024-09-16T19:57:23.817618505"
    },
    "with_umi - bam": {
        "content": [
            [
                [
                    {
                        "id": "test",
                        "single_end": false
                    },
                    "test_grouped.bam:md5,f576b264fd3e8457f5e3716b09fcca58"
                ]
            ],
            [
                "# UMI-tools version: 1.1.5",
                "# output generated by group -I test.bam --output-bam -S test_grouped.bam -L test_grouped.log --paired --random-seed=100"
            ],
            [
                "versions.yml:md5,1f4cec69f12f1759748ed167701b321c"
            ]
        ],
        "meta": {
            "nf-test": "0.9.0",
            "nextflow": "24.04.4"
        },
        "timestamp": "2024-09-16T20:01:05.763105045"
    },
    "no_umi": {
        "content": [
            [
                [
                    {
                        "id": "test"
                    },
                    "test_grouped.bam:md5,fb90b49a90c2b3e8ddfedd9c95361625"
                ]
            ],
            [
                [
                    {
                        "id": "test"
                    },
                    "test_grouped.tsv:md5,1a3ccdc00df59fa89c79ad482980a003"
                ]
            ],
            [
                "# UMI-tools version: 1.1.5",
                "# output generated by group -I test.paired_end.sorted.bam --output-bam -S test_grouped.bam -L test_grouped.log --group-out test_grouped.tsv --paired --random-seed=100"
            ],
            [
                "versions.yml:md5,1f4cec69f12f1759748ed167701b321c"
            ]
        ],
        "meta": {
            "nf-test": "0.9.0",
            "nextflow": "24.04.4"
        },
        "timestamp": "2024-09-16T20:02:22.66987719"
    }
}