{
    "res_scar_h5ad": {
        "content": [
            [
                [
                    {
                        "id": "test"
                    },
                    "test.h5ad:md5,222248cba2427bb2dc7f105d285b3536"
                ]
            ]
        ],
        "meta": {
            "nf-test": "0.9.0",
            "nextflow": "24.04.3"
        },
        "timestamp": "2024-08-06T23:17:54.334725776"
    },
    "res_scar_versions": {
        "content": [
            [
                "versions.yml:md5,2d36ddbf48a071935ebcf718bd9a31c7"
            ]
        ],
        "meta": {
            "nf-test": "0.9.0",
            "nextflow": "24.04.3"
        },
        "timestamp": "2024-08-06T23:17:54.781433426"
    }
}